# serializer version: 1
# name: test_schemas_return_raise
  dict({
    'input': dict({
      'name': 'Iphone 14 Pro Max',
      'price': 8.5,
      'quantity': 10,
    }),
    'loc': tuple(
      'status',
    ),
    'msg': 'Field required',
    'type': 'missing',
    'url': 'https://errors.pydantic.dev/2.8/v/missing',
  })
# ---
